[     229ms] [INFO] %cDownload the React DevTools for a better development experience: https://react.dev/link/react-devtools font-weight:bold @ http://localhost:5180/node_modules/.vite/deps/react-dom_client.js?v=1a5ac9f3:20102
[     490ms] [ERROR] Access to XMLHttpRequest at 'https://api.checkpoint-app.space/places/popular?limit=10&lat=10.776&lng=106.7' from origin 'http://localhost:5180' has been blocked by CORS policy: No 'Access-Control-Allow-Origin' header is present on the requested resource. @ http://localhost:5180/discover:0
[     493ms] [ERROR] Failed to load resource: net::ERR_FAILED @ https://api.checkpoint-app.space/places/popular?limit=10&lat=10.776&lng=106.7:0
[     829ms] [ERROR] Access to XMLHttpRequest at 'https://api.checkpoint-app.space/places/nearby?lat=10.776&lng=106.7&limit=20&offset=0' from origin 'http://localhost:5180' has been blocked by CORS policy: No 'Access-Control-Allow-Origin' header is present on the requested resource. @ http://localhost:5180/discover:0
[     834ms] [ERROR] Failed to load resource: net::ERR_FAILED @ https://api.checkpoint-app.space/places/nearby?lat=10.776&lng=106.7&limit=20&offset=0:0
[    1729ms] [ERROR] Access to XMLHttpRequest at 'https://api.checkpoint-app.space/places/popular?limit=10&lat=10.776&lng=106.7' from origin 'http://localhost:5180' has been blocked by CORS policy: No 'Access-Control-Allow-Origin' header is present on the requested resource. @ http://localhost:5180/discover:0
[    1731ms] [ERROR] Failed to load resource: net::ERR_FAILED @ https://api.checkpoint-app.space/places/popular?limit=10&lat=10.776&lng=106.7:0
[    2295ms] [ERROR] Access to XMLHttpRequest at 'https://api.checkpoint-app.space/places/nearby?lat=10.776&lng=106.7&limit=20&offset=0' from origin 'http://localhost:5180' has been blocked by CORS policy: No 'Access-Control-Allow-Origin' header is present on the requested resource. @ http://localhost:5180/discover:0
[    2300ms] [ERROR] Failed to load resource: net::ERR_FAILED @ https://api.checkpoint-app.space/places/nearby?lat=10.776&lng=106.7&limit=20&offset=0:0
[    3968ms] [ERROR] Access to XMLHttpRequest at 'https://api.checkpoint-app.space/places/popular?limit=10&lat=10.776&lng=106.7' from origin 'http://localhost:5180' has been blocked by CORS policy: No 'Access-Control-Allow-Origin' header is present on the requested resource. @ http://localhost:5180/discover:0
[    3972ms] [ERROR] Failed to load resource: net::ERR_FAILED @ https://api.checkpoint-app.space/places/popular?limit=10&lat=10.776&lng=106.7:0
[    4757ms] [ERROR] Access to XMLHttpRequest at 'https://api.checkpoint-app.space/places/nearby?lat=10.776&lng=106.7&limit=20&offset=0' from origin 'http://localhost:5180' has been blocked by CORS policy: No 'Access-Control-Allow-Origin' header is present on the requested resource. @ http://localhost:5180/discover:0
[    4760ms] [ERROR] Failed to load resource: net::ERR_FAILED @ https://api.checkpoint-app.space/places/nearby?lat=10.776&lng=106.7&limit=20&offset=0:0
[    8206ms] [ERROR] Access to XMLHttpRequest at 'https://api.checkpoint-app.space/places/popular?limit=10&lat=10.776&lng=106.7' from origin 'http://localhost:5180' has been blocked by CORS policy: No 'Access-Control-Allow-Origin' header is present on the requested resource. @ http://localhost:5180/discover:0
[    8209ms] [ERROR] Failed to load resource: net::ERR_FAILED @ https://api.checkpoint-app.space/places/popular?limit=10&lat=10.776&lng=106.7:0
[    9401ms] [ERROR] Access to XMLHttpRequest at 'https://api.checkpoint-app.space/places/nearby?lat=10.776&lng=106.7&limit=20&offset=0' from origin 'http://localhost:5180' has been blocked by CORS policy: No 'Access-Control-Allow-Origin' header is present on the requested resource. @ http://localhost:5180/discover:0
[    9404ms] [ERROR] Failed to load resource: net::ERR_FAILED @ https://api.checkpoint-app.space/places/nearby?lat=10.776&lng=106.7&limit=20&offset=0:0
[   50902ms] [ERROR] Access to XMLHttpRequest at 'https://api.checkpoint-app.space/places/popular?limit=10&lat=10.776&lng=106.7' from origin 'http://localhost:5180' has been blocked by CORS policy: No 'Access-Control-Allow-Origin' header is present on the requested resource. @ http://localhost:5180/discover:0
[   50906ms] [ERROR] Failed to load resource: net::ERR_FAILED @ https://api.checkpoint-app.space/places/popular?limit=10&lat=10.776&lng=106.7:0
[   50907ms] [ERROR] Access to XMLHttpRequest at 'https://api.checkpoint-app.space/places/nearby?lat=10.776&lng=106.7&limit=20&offset=0' from origin 'http://localhost:5180' has been blocked by CORS policy: No 'Access-Control-Allow-Origin' header is present on the requested resource. @ http://localhost:5180/discover:0
[   50908ms] [ERROR] Failed to load resource: net::ERR_FAILED @ https://api.checkpoint-app.space/places/nearby?lat=10.776&lng=106.7&limit=20&offset=0:0
[   52141ms] [ERROR] Access to XMLHttpRequest at 'https://api.checkpoint-app.space/places/popular?limit=10&lat=10.776&lng=106.7' from origin 'http://localhost:5180' has been blocked by CORS policy: No 'Access-Control-Allow-Origin' header is present on the requested resource. @ http://localhost:5180/discover:0
[   52143ms] [ERROR] Failed to load resource: net::ERR_FAILED @ https://api.checkpoint-app.space/places/popular?limit=10&lat=10.776&lng=106.7:0
[   52480ms] [ERROR] Access to XMLHttpRequest at 'https://api.checkpoint-app.space/places/nearby?lat=10.776&lng=106.7&limit=20&offset=0' from origin 'http://localhost:5180' has been blocked by CORS policy: No 'Access-Control-Allow-Origin' header is present on the requested resource. @ http://localhost:5180/discover:0
[   52484ms] [ERROR] Failed to load resource: net::ERR_FAILED @ https://api.checkpoint-app.space/places/nearby?lat=10.776&lng=106.7&limit=20&offset=0:0
[   54449ms] [ERROR] Access to XMLHttpRequest at 'https://api.checkpoint-app.space/places/popular?limit=10&lat=10.776&lng=106.7' from origin 'http://localhost:5180' has been blocked by CORS policy: No 'Access-Control-Allow-Origin' header is present on the requested resource. @ http://localhost:5180/discover:0
[   54452ms] [ERROR] Failed to load resource: net::ERR_FAILED @ https://api.checkpoint-app.space/places/popular?limit=10&lat=10.776&lng=106.7:0
[   55052ms] [ERROR] Access to XMLHttpRequest at 'https://api.checkpoint-app.space/places/nearby?lat=10.776&lng=106.7&limit=20&offset=0' from origin 'http://localhost:5180' has been blocked by CORS policy: No 'Access-Control-Allow-Origin' header is present on the requested resource. @ http://localhost:5180/discover:0
[   55054ms] [ERROR] Failed to load resource: net::ERR_FAILED @ https://api.checkpoint-app.space/places/nearby?lat=10.776&lng=106.7&limit=20&offset=0:0
[   58689ms] [ERROR] Access to XMLHttpRequest at 'https://api.checkpoint-app.space/places/popular?limit=10&lat=10.776&lng=106.7' from origin 'http://localhost:5180' has been blocked by CORS policy: No 'Access-Control-Allow-Origin' header is present on the requested resource. @ http://localhost:5180/discover:0
[   58690ms] [ERROR] Failed to load resource: net::ERR_FAILED @ https://api.checkpoint-app.space/places/popular?limit=10&lat=10.776&lng=106.7:0
[   59691ms] [ERROR] Access to XMLHttpRequest at 'https://api.checkpoint-app.space/places/nearby?lat=10.776&lng=106.7&limit=20&offset=0' from origin 'http://localhost:5180' has been blocked by CORS policy: No 'Access-Control-Allow-Origin' header is present on the requested resource. @ http://localhost:5180/discover:0
[   59695ms] [ERROR] Failed to load resource: net::ERR_FAILED @ https://api.checkpoint-app.space/places/nearby?lat=10.776&lng=106.7&limit=20&offset=0:0
[   73663ms] [LOG] [vite] server connection lost. Polling for restart... @ http://localhost:5180/@vite/client:963
[   73665ms] [ERROR] WebSocket connection to 'ws://localhost:5180/' failed: Error in connection establishment: net::ERR_CONNECTION_REFUSED @ http://localhost:5180/@vite/client:1034
[   74667ms] [ERROR] WebSocket connection to 'ws://localhost:5180/' failed: Error in connection establishment: net::ERR_CONNECTION_REFUSED @ http://localhost:5180/@vite/client:1034
[   75670ms] [ERROR] WebSocket connection to 'ws://localhost:5180/' failed: Error in connection establishment: net::ERR_CONNECTION_REFUSED @ http://localhost:5180/@vite/client:1034
[   76673ms] [ERROR] WebSocket connection to 'ws://localhost:5180/' failed: Error in connection establishment: net::ERR_CONNECTION_REFUSED @ http://localhost:5180/@vite/client:1034
[   77674ms] [ERROR] WebSocket connection to 'ws://localhost:5180/' failed: Error in connection establishment: net::ERR_CONNECTION_REFUSED @ http://localhost:5180/@vite/client:1034
[   78682ms] [ERROR] WebSocket connection to 'ws://localhost:5180/' failed: Error in connection establishment: net::ERR_CONNECTION_REFUSED @ http://localhost:5180/@vite/client:1034
